2026-08-31 10:39:00,672 - INFO - [INFO] Sensor [X26040577] init OK
2026-08-31 10:39:00,672 - INFO - [INFO] engine.init OK
2026-08-31 10:39:00,672 - INFO - [INFO] Get vaild serial X26040577
2026-08-31 10:39:01,434 - INFO - serial =X26040306
2026-08-31 10:39:01,439 - INFO - [INFO] Sensor [X26040306] init OK
2026-08-31 10:39:01,439 - INFO - [INFO] engine.init OK
2026-08-31 10:39:01,439 - INFO - [INFO] Get vaild serial X26040306
2026-08-31 10:39:01,506 - INFO - serial =X26040530
2026-08-31 10:39:01,511 - INFO - [INFO] Sensor [X26040530] init OK
2026-08-31 10:39:01,511 - INFO - [INFO] engine.init OK
2026-08-31 10:39:01,511 - INFO - [INFO] Get vaild serial X26040530
2026-08-31 10:39:02,007 - INFO - [INFO] Sensor X26040577 is operating normally.
2026-08-31 10:39:02,647 - INFO - [INFO] Sensor X26040306 is operating normally.
2026-08-31 10:39:02,663 - INFO - [INFO] Sensor X26040530 is operating normally.
2026-08-31 10:39:55,067 - INFO - [INFO] Sensor [X26040577] init OK
2026-08-31 10:39:55,067 - INFO - [INFO] engine.init OK
2026-08-31 10:39:55,068 - INFO - [INFO] Get vaild serial X26040577
2026-08-31 10:39:55,403 - INFO - serial =X26040530
2026-08-31 10:39:55,411 - INFO - [INFO] Sensor [X26040530] init OK
2026-08-31 10:39:55,411 - INFO - [INFO] engine.init OK
2026-08-31 10:39:55,411 - INFO - [INFO] Get vaild serial X26040530
2026-08-31 10:39:55,554 - INFO - serial =X26040306
2026-08-31 10:39:55,560 - INFO - [INFO] Sensor [X26040306] init OK
2026-08-31 10:39:55,560 - INFO - [INFO] engine.init OK
2026-08-31 10:39:55,560 - INFO - [INFO] Get vaild serial X26040306
2026-08-31 10:39:56,145 - INFO - [INFO] Sensor X26040577 is operating normally.
2026-08-31 10:39:56,456 - INFO - [INFO] Sensor X26040306 is operating normally.
2026-08-31 10:39:56,477 - INFO - [INFO] Sensor X26040530 is operating normally.
2026-08-31 10:42:01,415 - INFO - [INFO] Sensor [X26040577] init OK
2026-08-31 10:42:01,415 - INFO - [INFO] engine.init OK
2026-08-31 10:42:01,416 - INFO - [INFO] Get vaild serial X26040577
2026-08-31 10:42:01,758 - INFO - serial =X26040530
2026-08-31 10:42:01,767 - INFO - [INFO] Sensor [X26040530] init OK
2026-08-31 10:42:01,767 - INFO - [INFO] engine.init OK
2026-08-31 10:42:01,767 - INFO - [INFO] Get vaild serial X26040530
2026-08-31 10:42:01,917 - INFO - serial =X26040306
2026-08-31 10:42:01,921 - INFO - [INFO] Sensor [X26040306] init OK
2026-08-31 10:42:01,922 - INFO - [INFO] engine.init OK
2026-08-31 10:42:01,922 - INFO - [INFO] Get vaild serial X26040306
2026-08-31 10:42:02,531 - INFO - [INFO] Sensor X26040577 is operating normally.
2026-08-31 10:42:02,669 - INFO - [INFO] Sensor X26040530 is operating normally.
2026-08-31 10:42:02,762 - INFO - [INFO] Sensor X26040306 is operating normally.
2026-08-31 10:43:27,672 - INFO - [INFO] Sensor [X26040577] init OK
2026-08-31 10:43:27,672 - INFO - [INFO] engine.init OK
2026-08-31 10:43:27,672 - INFO - [INFO] Get vaild serial X26040577
2026-08-31 10:43:28,054 - INFO - serial =X26040530
2026-08-31 10:43:28,061 - INFO - [INFO] Sensor [X26040530] init OK
2026-08-31 10:43:28,061 - INFO - [INFO] engine.init OK
2026-08-31 10:43:28,061 - INFO - [INFO] Get vaild serial X26040530
2026-08-31 10:43:28,156 - INFO - serial =X26040306
2026-08-31 10:43:28,162 - INFO - [INFO] Sensor [X26040306] init OK
2026-08-31 10:43:28,162 - INFO - [INFO] engine.init OK
2026-08-31 10:43:28,162 - INFO - [INFO] Get vaild serial X26040306
2026-08-31 10:43:28,788 - INFO - [INFO] Sensor X26040577 is operating normally.
2026-08-31 10:43:28,928 - INFO - [INFO] Sensor X26040530 is operating normally.
2026-08-31 10:43:29,020 - INFO - [INFO] Sensor X26040306 is operating normally.
2026-08-31 10:43:57,021 - INFO - [INFO] Sensor [X26040577] init OK
2026-08-31 10:43:57,021 - INFO - [INFO] engine.init OK
2026-08-31 10:43:57,021 - INFO - [INFO] Get vaild serial X26040577
2026-08-31 10:43:57,255 - INFO - serial =X26040530
2026-08-31 10:43:57,261 - INFO - [INFO] Sensor [X26040530] init OK
2026-08-31 10:43:57,261 - INFO - [INFO] engine.init OK
2026-08-31 10:43:57,261 - INFO - [INFO] Get vaild serial X26040530
2026-08-31 10:43:57,499 - INFO - serial =X26040306
2026-08-31 10:43:57,504 - INFO - [INFO] Sensor [X26040306] init OK
2026-08-31 10:43:57,504 - INFO - [INFO] engine.init OK
2026-08-31 10:43:57,504 - INFO - [INFO] Get vaild serial X26040306
2026-08-31 10:43:58,093 - INFO - [INFO] Sensor X26040577 is operating normally.
2026-08-31 10:43:58,364 - INFO - [INFO] Sensor X26040530 is operating normally.
2026-08-31 10:43:58,548 - INFO - [INFO] Sensor X26040306 is operating normally.
